TEST 1 BEGIN
$ echo not_a_file | python3 tunnel.py
Please enter the name of the file you want to get data from: not_a_file
Traceback (most recent call last):
  File "/Users/ericmartin/Documents/COMP9021/Assignments/Assignment 1/Q3/Submissions/chunning.tu@student.unsw.edu.au/tunnel.py", line 125, in <module>
    with open(filename,'r',encoding='utf8') as file:
FileNotFoundError: [Errno 2] No such file or directory: 'not_a_file'
TEST 1 END

TEST 2 BEGIN
$ echo tunnel_wrong_1.txt | python3 tunnel.py
Please enter the name of the file you want to get data from: tunnel_wrong_1.txt
Sorry, input file does not store valid data.
TEST 2 END

TEST 3 BEGIN
$ echo tunnel_wrong_2.txt | python3 tunnel.py
Please enter the name of the file you want to get data from: tunnel_wrong_2.txt
Sorry, input file does not store valid data.
TEST 3 END

TEST 4 BEGIN
$ echo tunnel_wrong_3.txt | python3 tunnel.py
Please enter the name of the file you want to get data from: tunnel_wrong_3.txt
Sorry, input file does not store valid data.
TEST 4 END

TEST 5 BEGIN
$ echo tunnel_wrong_4.txt | python3 tunnel.py
Please enter the name of the file you want to get data from: tunnel_wrong_4.txt
Sorry, input file does not store valid data.
TEST 5 END

TEST 6 BEGIN
$ echo tunnel_1.txt | python3 tunnel.py
Please enter the name of the file you want to get data from: tunnel_1.txt
From the west, one can into the tunnel over a distance of None
Traceback (most recent call last):
  File "/Users/ericmartin/Documents/COMP9021/Assignments/Assignment 1/Q3/Submissions/chunning.tu@student.unsw.edu.au/tunnel.py", line 134, in <module>
    max_ceiling=dealwith_ceiling(data)
  File "/Users/ericmartin/Documents/COMP9021/Assignments/Assignment 1/Q3/Submissions/chunning.tu@student.unsw.edu.au/tunnel.py", line 112, in dealwith_ceiling
    return max(all_list)
ValueError: max() arg is an empty sequence
TEST 6 END

TEST 7 BEGIN
$ echo tunnel_2.txt | python3 tunnel.py
Please enter the name of the file you want to get data from: tunnel_2.txt
From the west, one can into the tunnel over a distance of 1
Inside the tunnel, one can into the tunnel over a maximum distance of 1
TEST 7 END

TEST 8 BEGIN
$ echo tunnel_3.txt | python3 tunnel.py
Please enter the name of the file you want to get data from: tunnel_3.txt
From the west, one can into the tunnel over a distance of 1
Inside the tunnel, one can into the tunnel over a maximum distance of 1
TEST 8 END

TEST 9 BEGIN
$ echo tunnel_4.txt | python3 tunnel.py
Please enter the name of the file you want to get data from: tunnel_4.txt
From the west, one can into the tunnel over a distance of 2
Inside the tunnel, one can into the tunnel over a maximum distance of 6
TEST 9 END

TEST 10 BEGIN
$ echo tunnel_5.txt | python3 tunnel.py
Please enter the name of the file you want to get data from: tunnel_5.txt
From the west, one can into the tunnel over a distance of None
Inside the tunnel, one can into the tunnel over a maximum distance of 8
TEST 10 END

TEST 11 BEGIN
$ echo tunnel_6.txt | python3 tunnel.py
Please enter the name of the file you want to get data from: tunnel_6.txt
Sorry, input file does not store valid data.
TEST 11 END

TEST 12 BEGIN
$ echo tunnel_7.txt | python3 tunnel.py
Please enter the name of the file you want to get data from: tunnel_7.txt
From the west, one can into the tunnel over a distance of None
Inside the tunnel, one can into the tunnel over a maximum distance of 17
TEST 12 END

TEST 13 BEGIN
$ echo tunnel_8.txt | python3 tunnel.py
Please enter the name of the file you want to get data from: tunnel_8.txt
From the west, one can into the tunnel over a distance of None
Inside the tunnel, one can into the tunnel over a maximum distance of 23
TEST 13 END

TEST 14 BEGIN
$ echo tunnel_9.txt | python3 tunnel.py
Please enter the name of the file you want to get data from: tunnel_9.txt
From the west, one can into the tunnel over a distance of None
Inside the tunnel, one can into the tunnel over a maximum distance of 26
TEST 14 END

TEST 15 BEGIN
$ echo tunnel_10.txt | python3 tunnel.py
Please enter the name of the file you want to get data from: tunnel_10.txt
From the west, one can into the tunnel over a distance of None
Inside the tunnel, one can into the tunnel over a maximum distance of 23
TEST 15 END

